---
source: tests/snapshots.rs
expression: run.stdout
---
 init ──────────────────────────────
[32m+[0m [1mbrew.formula:git[22m
[32m+[0m [1mbrew.formula:jq[22m
[32m+[0m [1mbrew.formula:ripgrep[22m
[32m+[0m [1mbrew.cask:firefox[22m
[32m+[0m [1mbrew.cask:visual-studio-code[22m
[33m~[0m [1mcom.apple.dock autohide[22m                 [2mfalse → true[0m
[32m+[0m [1mcom.apple.finder AppleShowAllFiles[22m
[32m+[0m [1mcom.apple.finder FXPreferredViewStyle[22m
[32m+[0m [1m~/.zshrc[22m
[33m~[0m 10 checked · 9 would change
