---
source: tests/snapshots.rs
expression: run.stdout
---
[init]
brew.formula:git
brew.formula:jq
brew.formula:ripgrep
brew.cask:firefox
brew.cask:visual-studio-code
com.apple.dock autohide                 false → true
com.apple.finder AppleShowAllFiles
com.apple.finder FXPreferredViewStyle
~/.zshrc
10 checked · 9 would change
